<?xml version="1.0"?>
<link_info>
   <banner>TI ARM Linker PC v5.2.2</banner>
   <copyright>Copyright (c) 1996-2015 Texas Instruments Incorporated</copyright>
   <link_time>0x58552ee1</link_time>
   <link_errors>0x0</link_errors>
   <output_file>Worker_1.out</output_file>
   <entry_point>
      <name>_c_int00</name>
      <address>0x44cd</address>
   </entry_point>
   <input_file_list>
      <input_file id="fl-2">
         <path>.\</path>
         <kind>object</kind>
         <file>main.obj</file>
         <name>main.obj</name>
      </input_file>
      <input_file id="fl-3">
         <path>.\</path>
         <kind>object</kind>
         <file>tm4c123gh6pge_startup_ccs.obj</file>
         <name>tm4c123gh6pge_startup_ccs.obj</name>
      </input_file>
      <input_file id="fl-4">
         <path>.\utils\</path>
         <kind>object</kind>
         <file>uartstdio.obj</file>
         <name>uartstdio.obj</name>
      </input_file>
      <input_file id="fl-12c">
         <path>C:\tiv6\ccsv6\tools\compiler\ti-cgt-arm_5.2.2\lib\</path>
         <kind>archive</kind>
         <file>rtsv7M4_T_le_v4SPD16_eabi.lib</file>
         <name>boot.obj</name>
      </input_file>
      <input_file id="fl-12d">
         <path>C:\tiv6\ccsv6\tools\compiler\ti-cgt-arm_5.2.2\lib\</path>
         <kind>archive</kind>
         <file>rtsv7M4_T_le_v4SPD16_eabi.lib</file>
         <name>copy_decompress_none.obj</name>
      </input_file>
      <input_file id="fl-12e">
         <path>C:\tiv6\ccsv6\tools\compiler\ti-cgt-arm_5.2.2\lib\</path>
         <kind>archive</kind>
         <file>rtsv7M4_T_le_v4SPD16_eabi.lib</file>
         <name>copy_decompress_rle.obj</name>
      </input_file>
      <input_file id="fl-12f">
         <path>C:\tiv6\ccsv6\tools\compiler\ti-cgt-arm_5.2.2\lib\</path>
         <kind>archive</kind>
         <file>rtsv7M4_T_le_v4SPD16_eabi.lib</file>
         <name>copy_zero_init.obj</name>
      </input_file>
      <input_file id="fl-130">
         <path>C:\tiv6\ccsv6\tools\compiler\ti-cgt-arm_5.2.2\lib\</path>
         <kind>archive</kind>
         <file>rtsv7M4_T_le_v4SPD16_eabi.lib</file>
         <name>exit.obj</name>
      </input_file>
      <input_file id="fl-131">
         <path>C:\tiv6\ccsv6\tools\compiler\ti-cgt-arm_5.2.2\lib\</path>
         <kind>archive</kind>
         <file>rtsv7M4_T_le_v4SPD16_eabi.lib</file>
         <name>fd_mul_t2.obj</name>
      </input_file>
      <input_file id="fl-132">
         <path>C:\tiv6\ccsv6\tools\compiler\ti-cgt-arm_5.2.2\lib\</path>
         <kind>archive</kind>
         <file>rtsv7M4_T_le_v4SPD16_eabi.lib</file>
         <name>fd_tou_t2.obj</name>
      </input_file>
      <input_file id="fl-133">
         <path>C:\tiv6\ccsv6\tools\compiler\ti-cgt-arm_5.2.2\lib\</path>
         <kind>archive</kind>
         <file>rtsv7M4_T_le_v4SPD16_eabi.lib</file>
         <name>memcpy_t2.obj</name>
      </input_file>
      <input_file id="fl-134">
         <path>C:\tiv6\ccsv6\tools\compiler\ti-cgt-arm_5.2.2\lib\</path>
         <kind>archive</kind>
         <file>rtsv7M4_T_le_v4SPD16_eabi.lib</file>
         <name>memset_t2.obj</name>
      </input_file>
      <input_file id="fl-135">
         <path>C:\tiv6\ccsv6\tools\compiler\ti-cgt-arm_5.2.2\lib\</path>
         <kind>archive</kind>
         <file>rtsv7M4_T_le_v4SPD16_eabi.lib</file>
         <name>pre_init.obj</name>
      </input_file>
      <input_file id="fl-136">
         <path>C:\tiv6\ccsv6\tools\compiler\ti-cgt-arm_5.2.2\lib\</path>
         <kind>archive</kind>
         <file>rtsv7M4_T_le_v4SPD16_eabi.lib</file>
         <name>stkdepth_vars.obj</name>
      </input_file>
      <input_file id="fl-137">
         <path>C:\tiv6\ccsv6\tools\compiler\ti-cgt-arm_5.2.2\lib\</path>
         <kind>archive</kind>
         <file>rtsv7M4_T_le_v4SPD16_eabi.lib</file>
         <name>u_divt2.obj</name>
      </input_file>
      <input_file id="fl-138">
         <path>C:\tiv6\ccsv6\tools\compiler\ti-cgt-arm_5.2.2\lib\</path>
         <kind>archive</kind>
         <file>rtsv7M4_T_le_v4SPD16_eabi.lib</file>
         <name>u_tofd_t2.obj</name>
      </input_file>
      <input_file id="fl-139">
         <path>C:\tiv6\ccsv6\tools\compiler\ti-cgt-arm_5.2.2\lib\</path>
         <kind>archive</kind>
         <file>rtsv7M4_T_le_v4SPD16_eabi.lib</file>
         <name>_lock.obj</name>
      </input_file>
      <input_file id="fl-13a">
         <path>C:\tiv6\ccsv6\tools\compiler\ti-cgt-arm_5.2.2\lib\</path>
         <kind>archive</kind>
         <file>rtsv7M4_T_le_v4SPD16_eabi.lib</file>
         <name>args_main.obj</name>
      </input_file>
      <input_file id="fl-13b">
         <path>C:\tiv6\ccsv6\tools\compiler\ti-cgt-arm_5.2.2\lib\</path>
         <kind>archive</kind>
         <file>rtsv7M4_T_le_v4SPD16_eabi.lib</file>
         <name>autoinit.obj</name>
      </input_file>
      <input_file id="fl-13c">
         <path>C:\tiv6\ccsv6\tools\compiler\ti-cgt-arm_5.2.2\lib\</path>
         <kind>archive</kind>
         <file>rtsv7M4_T_le_v4SPD16_eabi.lib</file>
         <name>cpy_tbl.obj</name>
      </input_file>
      <input_file id="fl-13d">
         <path>C:\ti\TivaWare_C_Series-2.1.1.71\driverlib\ccs\Debug\</path>
         <kind>archive</kind>
         <file>driverlib.lib</file>
         <name>flash.obj</name>
      </input_file>
      <input_file id="fl-13e">
         <path>C:\ti\TivaWare_C_Series-2.1.1.71\driverlib\ccs\Debug\</path>
         <kind>archive</kind>
         <file>driverlib.lib</file>
         <name>gpio.obj</name>
      </input_file>
      <input_file id="fl-13f">
         <path>C:\ti\TivaWare_C_Series-2.1.1.71\driverlib\ccs\Debug\</path>
         <kind>archive</kind>
         <file>driverlib.lib</file>
         <name>i2c.obj</name>
      </input_file>
      <input_file id="fl-140">
         <path>C:\ti\TivaWare_C_Series-2.1.1.71\driverlib\ccs\Debug\</path>
         <kind>archive</kind>
         <file>driverlib.lib</file>
         <name>interrupt.obj</name>
      </input_file>
      <input_file id="fl-141">
         <path>C:\ti\TivaWare_C_Series-2.1.1.71\driverlib\ccs\Debug\</path>
         <kind>archive</kind>
         <file>driverlib.lib</file>
         <name>pwm.obj</name>
      </input_file>
      <input_file id="fl-142">
         <path>C:\ti\TivaWare_C_Series-2.1.1.71\driverlib\ccs\Debug\</path>
         <kind>archive</kind>
         <file>driverlib.lib</file>
         <name>ssi.obj</name>
      </input_file>
      <input_file id="fl-143">
         <path>C:\ti\TivaWare_C_Series-2.1.1.71\driverlib\ccs\Debug\</path>
         <kind>archive</kind>
         <file>driverlib.lib</file>
         <name>sysctl.obj</name>
      </input_file>
      <input_file id="fl-144">
         <path>C:\ti\TivaWare_C_Series-2.1.1.71\driverlib\ccs\Debug\</path>
         <kind>archive</kind>
         <file>driverlib.lib</file>
         <name>systick.obj</name>
      </input_file>
      <input_file id="fl-145">
         <path>C:\ti\TivaWare_C_Series-2.1.1.71\driverlib\ccs\Debug\</path>
         <kind>archive</kind>
         <file>driverlib.lib</file>
         <name>timer.obj</name>
      </input_file>
      <input_file id="fl-146">
         <path>C:\ti\TivaWare_C_Series-2.1.1.71\driverlib\ccs\Debug\</path>
         <kind>archive</kind>
         <file>driverlib.lib</file>
         <name>uart.obj</name>
      </input_file>
      <input_file id="fl-147">
         <path>C:\ti\TivaWare_C_Series-2.1.1.71\driverlib\ccs\Debug\</path>
         <kind>archive</kind>
         <file>driverlib.lib</file>
         <name>udma.obj</name>
      </input_file>
      <input_file id="fl-148">
         <path>C:\ti\TivaWare_C_Series-2.1.1.71\driverlib\ccs\Debug\</path>
         <kind>archive</kind>
         <file>driverlib.lib</file>
         <name>watchdog.obj</name>
      </input_file>
      <input_file id="fl-149">
         <path>C:\ti\TivaWare_C_Series-2.1.1.71\driverlib\ccs\Debug\</path>
         <kind>archive</kind>
         <file>driverlib.lib</file>
         <name>cpu.obj</name>
      </input_file>
   </input_file_list>
   <object_component_list>
      <object_component id="oc-f">
         <name>.intvecs</name>
         <load_address>0x0</load_address>
         <run_address>0x0</run_address>
         <size>0x26c</size>
         <input_file_ref idref="fl-3"/>
      </object_component>
      <object_component id="oc-168">
         <name>.text:I2C_Decode_TC</name>
         <load_address>0x26c</load_address>
         <run_address>0x26c</run_address>
         <size>0x6c4</size>
         <input_file_ref idref="fl-2"/>
      </object_component>
      <object_component id="oc-123">
         <name>.text:HK_Data_Acquire</name>
         <load_address>0x930</load_address>
         <run_address>0x930</run_address>
         <size>0x6b4</size>
         <input_file_ref idref="fl-2"/>
      </object_component>
      <object_component id="oc-466">
         <name>.text:HK_Begin</name>
         <load_address>0xfe4</load_address>
         <run_address>0xfe4</run_address>
         <size>0x544</size>
         <input_file_ref idref="fl-2"/>
      </object_component>
      <object_component id="oc-42">
         <name>.text:Bulk_INT</name>
         <load_address>0x1528</load_address>
         <run_address>0x1528</run_address>
         <size>0x3b4</size>
         <input_file_ref idref="fl-2"/>
      </object_component>
      <object_component id="oc-2bc">
         <name>.text:LEDAcquire</name>
         <load_address>0x18dc</load_address>
         <run_address>0x18dc</run_address>
         <size>0x23c</size>
         <input_file_ref idref="fl-2"/>
      </object_component>
      <object_component id="oc-16e">
         <name>.text:I2C_Encode_Telemetry</name>
         <load_address>0x1b18</load_address>
         <run_address>0x1b18</run_address>
         <size>0x20c</size>
         <input_file_ref idref="fl-2"/>
      </object_component>
      <object_component id="oc-448">
         <name>.text:Boot_Up</name>
         <load_address>0x1d24</load_address>
         <run_address>0x1d24</run_address>
         <size>0x1f0</size>
         <input_file_ref idref="fl-2"/>
      </object_component>
      <object_component id="oc-1dc">
         <name>.text:UARTvprintf</name>
         <load_address>0x1f14</load_address>
         <run_address>0x1f14</run_address>
         <size>0x1ea</size>
         <input_file_ref idref="fl-4"/>
      </object_component>
      <object_component id="oc-30">
         <name>.text:NmiSR</name>
         <load_address>0x20fe</load_address>
         <run_address>0x20fe</run_address>
         <size>0x2</size>
         <input_file_ref idref="fl-3"/>
      </object_component>
      <object_component id="oc-43c">
         <name>.text:GPIOConfigure</name>
         <load_address>0x2100</load_address>
         <run_address>0x2100</run_address>
         <size>0x1e8</size>
         <input_file_ref idref="fl-2"/>
      </object_component>
      <object_component id="oc-72">
         <name>.text:dE_dX_INT</name>
         <load_address>0x22e8</load_address>
         <run_address>0x22e8</run_address>
         <size>0x1d0</size>
         <input_file_ref idref="fl-2"/>
      </object_component>
      <object_component id="oc-66">
         <name>.text:I2C0SlaveIntHandler</name>
         <load_address>0x24b8</load_address>
         <run_address>0x24b8</run_address>
         <size>0x16c</size>
         <input_file_ref idref="fl-2"/>
      </object_component>
      <object_component id="oc-313">
         <name>.text:Flash_Parameter_Program</name>
         <load_address>0x2624</load_address>
         <run_address>0x2624</run_address>
         <size>0x13c</size>
         <input_file_ref idref="fl-2"/>
      </object_component>
      <object_component id="oc-364">
         <name>.text:GPIOPadConfigSet</name>
         <load_address>0x2760</load_address>
         <run_address>0x2760</run_address>
         <size>0x130</size>
         <input_file_ref idref="fl-13e"/>
      </object_component>
      <object_component id="oc-54">
         <name>.text:SCI_Timer_INT_Handler</name>
         <load_address>0x2890</load_address>
         <run_address>0x2890</run_address>
         <size>0x11c</size>
         <input_file_ref idref="fl-2"/>
      </object_component>
      <object_component id="oc-ff">
         <name>.text:SysCtlClockGet</name>
         <load_address>0x29ac</load_address>
         <run_address>0x29ac</run_address>
         <size>0x10c</size>
         <input_file_ref idref="fl-143"/>
      </object_component>
      <object_component id="oc-48f">
         <name>.text:Fast_Init</name>
         <load_address>0x2ab8</load_address>
         <run_address>0x2ab8</run_address>
         <size>0x108</size>
         <input_file_ref idref="fl-2"/>
      </object_component>
      <object_component id="oc-1c9">
         <name>.text:main</name>
         <load_address>0x2bc0</load_address>
         <run_address>0x2bc0</run_address>
         <size>0x104</size>
         <input_file_ref idref="fl-2"/>
      </object_component>
      <object_component id="oc-386">
         <name>.text</name>
         <load_address>0x2cc4</load_address>
         <run_address>0x2cc4</run_address>
         <size>0xfc</size>
         <input_file_ref idref="fl-131"/>
      </object_component>
      <object_component id="oc-2f5">
         <name>.text:SysCtlClockSet</name>
         <load_address>0x2dc0</load_address>
         <run_address>0x2dc0</run_address>
         <size>0xf0</size>
         <input_file_ref idref="fl-143"/>
      </object_component>
      <object_component id="oc-3c2">
         <name>.text:PL_SCIENCE_INT_DISABLE</name>
         <load_address>0x2eb0</load_address>
         <run_address>0x2eb0</run_address>
         <size>0xe8</size>
         <input_file_ref idref="fl-2"/>
      </object_component>
      <object_component id="oc-325">
         <name>.text:PYLD_SPEED_SCIENCE_INIT</name>
         <load_address>0x2f98</load_address>
         <run_address>0x2f98</run_address>
         <size>0xe8</size>
         <input_file_ref idref="fl-2"/>
      </object_component>
      <object_component id="oc-30d">
         <name>.text:PYLD_SPEED_STANDBY_INIT</name>
         <load_address>0x3080</load_address>
         <run_address>0x3080</run_address>
         <size>0xe4</size>
         <input_file_ref idref="fl-2"/>
      </object_component>
      <object_component id="oc-136">
         <name>.text:HV_Value_Set</name>
         <load_address>0x3164</load_address>
         <run_address>0x3164</run_address>
         <size>0xdc</size>
         <input_file_ref idref="fl-2"/>
      </object_component>
      <object_component id="oc-45a">
         <name>.text:Configure_SSI_Science</name>
         <load_address>0x3240</load_address>
         <run_address>0x3240</run_address>
         <size>0xd0</size>
         <input_file_ref idref="fl-2"/>
      </object_component>
      <object_component id="oc-3ce">
         <name>.text:Disable_Analog</name>
         <load_address>0x3310</load_address>
         <run_address>0x3310</run_address>
         <size>0xcc</size>
         <input_file_ref idref="fl-2"/>
      </object_component>
      <object_component id="oc-2b0">
         <name>.text:PL_PREV_STATE_CHECK</name>
         <load_address>0x33dc</load_address>
         <run_address>0x33dc</run_address>
         <size>0xcc</size>
         <input_file_ref idref="fl-2"/>
      </object_component>
      <object_component id="oc-29d">
         <name>.text:Configure_DPOT_LED</name>
         <load_address>0x34a8</load_address>
         <run_address>0x34a8</run_address>
         <size>0xc8</size>
         <input_file_ref idref="fl-2"/>
      </object_component>
      <object_component id="oc-2a3">
         <name>.text:Configure_DPOT</name>
         <load_address>0x3570</load_address>
         <run_address>0x3570</run_address>
         <size>0xc4</size>
         <input_file_ref idref="fl-2"/>
      </object_component>
      <object_component id="oc-476">
         <name>.text:Configure_Analog</name>
         <load_address>0x3634</load_address>
         <run_address>0x3634</run_address>
         <size>0xb4</size>
         <input_file_ref idref="fl-2"/>
      </object_component>
      <object_component id="oc-2d1">
         <name>.text:I2C_Write</name>
         <load_address>0x36e8</load_address>
         <run_address>0x36e8</run_address>
         <size>0xb0</size>
         <input_file_ref idref="fl-2"/>
      </object_component>
      <object_component id="oc-488">
         <name>.text:InitDMA</name>
         <load_address>0x3798</load_address>
         <run_address>0x3798</run_address>
         <size>0xac</size>
         <input_file_ref idref="fl-2"/>
      </object_component>
      <object_component id="oc-81">
         <name>.text</name>
         <load_address>0x3844</load_address>
         <run_address>0x3844</run_address>
         <size>0x9c</size>
         <input_file_ref idref="fl-133"/>
      </object_component>
      <object_component id="oc-44e">
         <name>.text:ConfigureI2CSlave</name>
         <load_address>0x38e0</load_address>
         <run_address>0x38e0</run_address>
         <size>0x98</size>
         <input_file_ref idref="fl-2"/>
      </object_component>
      <object_component id="oc-27e">
         <name>.text:HV_CONTROL</name>
         <load_address>0x3978</load_address>
         <run_address>0x3978</run_address>
         <size>0x98</size>
         <input_file_ref idref="fl-2"/>
      </object_component>
      <object_component id="oc-31f">
         <name>.text:PYLD_SPEED_HIBERNATE_INIT</name>
         <load_address>0x3a10</load_address>
         <run_address>0x3a10</run_address>
         <size>0x90</size>
         <input_file_ref idref="fl-2"/>
      </object_component>
      <object_component id="oc-26c">
         <name>.text:Configure_ADC_SCI</name>
         <load_address>0x3aa0</load_address>
         <run_address>0x3aa0</run_address>
         <size>0x8c</size>
         <input_file_ref idref="fl-2"/>
      </object_component>
      <object_component id="oc-47c">
         <name>.text:Configure_DAC</name>
         <load_address>0x3b2c</load_address>
         <run_address>0x3b2c</run_address>
         <size>0x8c</size>
         <input_file_ref idref="fl-2"/>
      </object_component>
      <object_component id="oc-205">
         <name>.text:uDMAChannelTransferSet</name>
         <load_address>0x3bb8</load_address>
         <run_address>0x3bb8</run_address>
         <size>0x84</size>
         <input_file_ref idref="fl-147"/>
      </object_component>
      <object_component id="oc-266">
         <name>.text:GET_HV_VOLTAGE</name>
         <load_address>0x3c3c</load_address>
         <run_address>0x3c3c</run_address>
         <size>0x7c</size>
         <input_file_ref idref="fl-2"/>
      </object_component>
      <object_component id="oc-237">
         <name>.text:ADCSequenceStepConfigure</name>
         <load_address>0x3cb8</load_address>
         <run_address>0x3cb8</run_address>
         <size>0x7a</size>
         <input_file_ref idref="fl-2"/>
      </object_component>
      <object_component id="oc-9a">
         <name>.text</name>
         <load_address>0x3d32</load_address>
         <run_address>0x3d32</run_address>
         <size>0x7a</size>
         <input_file_ref idref="fl-134"/>
      </object_component>
      <object_component id="oc-ef">
         <name>.text:DMA_SPI_Transfer_Science</name>
         <load_address>0x3dac</load_address>
         <run_address>0x3dac</run_address>
         <size>0x78</size>
         <input_file_ref idref="fl-2"/>
      </object_component>
      <object_component id="oc-260">
         <name>.text:uc_core_temp</name>
         <load_address>0x3e24</load_address>
         <run_address>0x3e24</run_address>
         <size>0x70</size>
         <input_file_ref idref="fl-2"/>
      </object_component>
      <object_component id="oc-ac">
         <name>.text</name>
         <load_address>0x3e94</load_address>
         <run_address>0x3e94</run_address>
         <size>0x6c</size>
         <input_file_ref idref="fl-13b"/>
      </object_component>
      <object_component id="oc-8d">
         <name>.text</name>
         <load_address>0x3f00</load_address>
         <run_address>0x3f00</run_address>
         <size>0x6a</size>
         <input_file_ref idref="fl-12e"/>
      </object_component>
      <object_component id="oc-13c">
         <name>.text:IntDisable</name>
         <load_address>0x3f6c</load_address>
         <run_address>0x3f6c</run_address>
         <size>0x68</size>
         <input_file_ref idref="fl-140"/>
      </object_component>
      <object_component id="oc-1f9">
         <name>.text:IntEnable</name>
         <load_address>0x3fd4</load_address>
         <run_address>0x3fd4</run_address>
         <size>0x68</size>
         <input_file_ref idref="fl-140"/>
      </object_component>
      <object_component id="oc-297">
         <name>.text:FlashProgram</name>
         <load_address>0x403c</load_address>
         <run_address>0x403c</run_address>
         <size>0x64</size>
         <input_file_ref idref="fl-13d"/>
      </object_component>
      <object_component id="oc-536">
         <name>.text:TimerConfigure</name>
         <load_address>0x40a0</load_address>
         <run_address>0x40a0</run_address>
         <size>0x60</size>
         <input_file_ref idref="fl-145"/>
      </object_component>
      <object_component id="oc-500">
         <name>.text:UARTStdioConfig</name>
         <load_address>0x4100</load_address>
         <run_address>0x4100</run_address>
         <size>0x60</size>
         <input_file_ref idref="fl-4"/>
      </object_component>
      <object_component id="oc-301">
         <name>.text:FlashProtectSet</name>
         <load_address>0x4160</load_address>
         <run_address>0x4160</run_address>
         <size>0x5c</size>
         <input_file_ref idref="fl-13d"/>
      </object_component>
      <object_component id="oc-5a">
         <name>.text:HK_ISR</name>
         <load_address>0x41bc</load_address>
         <run_address>0x41bc</run_address>
         <size>0x5c</size>
         <input_file_ref idref="fl-2"/>
      </object_component>
      <object_component id="oc-48">
         <name>.text:SSI0_IntHandler</name>
         <load_address>0x4218</load_address>
         <run_address>0x4218</run_address>
         <size>0x5c</size>
         <input_file_ref idref="fl-2"/>
      </object_component>
      <object_component id="oc-442">
         <name>.text:ConfigureUART</name>
         <load_address>0x4274</load_address>
         <run_address>0x4274</run_address>
         <size>0x58</size>
         <input_file_ref idref="fl-2"/>
      </object_component>
      <object_component id="oc-495">
         <name>.text:Configure_Science_Timer</name>
         <load_address>0x42cc</load_address>
         <run_address>0x42cc</run_address>
         <size>0x58</size>
         <input_file_ref idref="fl-2"/>
      </object_component>
      <object_component id="oc-482">
         <name>.text:DAC_Config</name>
         <load_address>0x4324</load_address>
         <run_address>0x4324</run_address>
         <size>0x58</size>
         <input_file_ref idref="fl-2"/>
      </object_component>
      <object_component id="oc-278">
         <name>.text:DAC_Value_SET</name>
         <load_address>0x437c</load_address>
         <run_address>0x437c</run_address>
         <size>0x58</size>
         <input_file_ref idref="fl-2"/>
      </object_component>
      <object_component id="oc-4e7">
         <name>.text:GPIOIntTypeSet</name>
         <load_address>0x43d4</load_address>
         <run_address>0x43d4</run_address>
         <size>0x56</size>
         <input_file_ref idref="fl-13e"/>
      </object_component>
      <object_component id="oc-78">
         <name>.text:HV_OVC_ISR</name>
         <load_address>0x442c</load_address>
         <run_address>0x442c</run_address>
         <size>0x50</size>
         <input_file_ref idref="fl-2"/>
      </object_component>
      <object_component id="oc-508">
         <name>.text:SysCtlPeripheralReset</name>
         <load_address>0x447c</load_address>
         <run_address>0x447c</run_address>
         <size>0x50</size>
         <input_file_ref idref="fl-143"/>
      </object_component>
      <object_component id="oc-24">
         <name>.text</name>
         <load_address>0x44cc</load_address>
         <run_address>0x44cc</run_address>
         <size>0x50</size>
         <input_file_ref idref="fl-12c"/>
      </object_component>
      <object_component id="oc-2fb">
         <name>.text:ConfigureWatchdog</name>
         <load_address>0x451c</load_address>
         <run_address>0x451c</run_address>
         <size>0x4c</size>
         <input_file_ref idref="fl-2"/>
      </object_component>
      <object_component id="oc-60">
         <name>.text:HV_Timer_INT_Handler</name>
         <load_address>0x4568</load_address>
         <run_address>0x4568</run_address>
         <size>0x4c</size>
         <input_file_ref idref="fl-2"/>
      </object_component>
      <object_component id="oc-3dc">
         <name>.text:SoftLEDConfig</name>
         <load_address>0x45b4</load_address>
         <run_address>0x45b4</run_address>
         <size>0x4c</size>
         <input_file_ref idref="fl-2"/>
      </object_component>
      <object_component id="oc-1c1">
         <name>.text</name>
         <load_address>0x4600</load_address>
         <run_address>0x4600</run_address>
         <size>0x4c</size>
         <input_file_ref idref="fl-13c"/>
      </object_component>
      <object_component id="oc-3a6">
         <name>.text:GPIOPinConfigure</name>
         <load_address>0x464c</load_address>
         <run_address>0x464c</run_address>
         <size>0x48</size>
         <input_file_ref idref="fl-13e"/>
      </object_component>
      <object_component id="oc-186">
         <name>.text:IntPendClear</name>
         <load_address>0x4694</load_address>
         <run_address>0x4694</run_address>
         <size>0x48</size>
         <input_file_ref idref="fl-140"/>
      </object_component>
      <object_component id="oc-342">
         <name>.text:UARTwrite</name>
         <load_address>0x46dc</load_address>
         <run_address>0x46dc</run_address>
         <size>0x48</size>
         <input_file_ref idref="fl-4"/>
      </object_component>
      <object_component id="oc-4e">
         <name>.text:Watchdog0IntHandler</name>
         <load_address>0x4724</load_address>
         <run_address>0x4724</run_address>
         <size>0x48</size>
         <input_file_ref idref="fl-2"/>
      </object_component>
      <object_component id="oc-569">
         <name>.text:uDMAChannelAttributeDisable</name>
         <load_address>0x476c</load_address>
         <run_address>0x476c</run_address>
         <size>0x48</size>
         <input_file_ref idref="fl-147"/>
      </object_component>
      <object_component id="oc-56f">
         <name>.text:uDMAChannelAttributeEnable</name>
         <load_address>0x47b4</load_address>
         <run_address>0x47b4</run_address>
         <size>0x48</size>
         <input_file_ref idref="fl-147"/>
      </object_component>
      <object_component id="oc-37b">
         <name>.text:Configure_ADC_HV</name>
         <load_address>0x47fc</load_address>
         <run_address>0x47fc</run_address>
         <size>0x44</size>
         <input_file_ref idref="fl-2"/>
      </object_component>
      <object_component id="oc-460">
         <name>.text:HK_Timer_Config</name>
         <load_address>0x4840</load_address>
         <run_address>0x4840</run_address>
         <size>0x44</size>
         <input_file_ref idref="fl-2"/>
      </object_component>
      <object_component id="oc-b8">
         <name>.text</name>
         <load_address>0x4884</load_address>
         <run_address>0x4884</run_address>
         <size>0x44</size>
         <input_file_ref idref="fl-130"/>
      </object_component>
      <object_component id="oc-38b">
         <name>.text</name>
         <load_address>0x48c8</load_address>
         <run_address>0x48c8</run_address>
         <size>0x44</size>
         <input_file_ref idref="fl-132"/>
      </object_component>
      <object_component id="oc-348">
         <name>.text</name>
         <load_address>0x490c</load_address>
         <run_address>0x490c</run_address>
         <size>0x42</size>
         <input_file_ref idref="fl-137"/>
      </object_component>
      <object_component id="oc-374">
         <name>.text:ADCConfigure_TEMP_uC</name>
         <load_address>0x4950</load_address>
         <run_address>0x4950</run_address>
         <size>0x40</size>
         <input_file_ref idref="fl-2"/>
      </object_component>
      <object_component id="oc-2c2">
         <name>.text:FLASH_BUFFER_WRITE</name>
         <load_address>0x4990</load_address>
         <run_address>0x4990</run_address>
         <size>0x40</size>
         <input_file_ref idref="fl-2"/>
      </object_component>
      <object_component id="oc-231">
         <name>.text:ADCSequenceConfigure</name>
         <load_address>0x49d0</load_address>
         <run_address>0x49d0</run_address>
         <size>0x3e</size>
         <input_file_ref idref="fl-2"/>
      </object_component>
      <object_component id="oc-3b2">
         <name>.text:SSIConfigSetExpClk</name>
         <load_address>0x4a0e</load_address>
         <run_address>0x4a0e</run_address>
         <size>0x3c</size>
         <input_file_ref idref="fl-142"/>
      </object_component>
      <object_component id="oc-319">
         <name>.text:Print_Buffer</name>
         <load_address>0x4a4c</load_address>
         <run_address>0x4a4c</run_address>
         <size>0x38</size>
         <input_file_ref idref="fl-2"/>
      </object_component>
      <object_component id="oc-174">
         <name>.text:Buffer_Clear</name>
         <load_address>0x4a84</load_address>
         <run_address>0x4a84</run_address>
         <size>0x34</size>
         <input_file_ref idref="fl-2"/>
      </object_component>
      <object_component id="oc-162">
         <name>.text:CRC_16_Calc</name>
         <load_address>0x4ab8</load_address>
         <run_address>0x4ab8</run_address>
         <size>0x34</size>
         <input_file_ref idref="fl-2"/>
      </object_component>
      <object_component id="oc-3e8">
         <name>.text:MAV_Filter</name>
         <load_address>0x4aec</load_address>
         <run_address>0x4aec</run_address>
         <size>0x34</size>
         <input_file_ref idref="fl-2"/>
      </object_component>
      <object_component id="oc-225">
         <name>.text:SysCtlPeripheralEnable</name>
         <load_address>0x4b20</load_address>
         <run_address>0x4b20</run_address>
         <size>0x34</size>
         <input_file_ref idref="fl-143"/>
      </object_component>
      <object_component id="oc-3ee">
         <name>.text:prtData</name>
         <load_address>0x4b54</load_address>
         <run_address>0x4b54</run_address>
         <size>0x34</size>
         <input_file_ref idref="fl-2"/>
      </object_component>
      <object_component id="oc-3c8">
         <name>.text:Clean_Buffer</name>
         <load_address>0x4b88</load_address>
         <run_address>0x4b88</run_address>
         <size>0x30</size>
         <input_file_ref idref="fl-2"/>
      </object_component>
      <object_component id="oc-291">
         <name>.text:FlashErase</name>
         <load_address>0x4bb8</load_address>
         <run_address>0x4bb8</run_address>
         <size>0x30</size>
         <input_file_ref idref="fl-13d"/>
      </object_component>
      <object_component id="oc-2d7">
         <name>.text:I2C_DATA_PRINT</name>
         <load_address>0x4be8</load_address>
         <run_address>0x4be8</run_address>
         <size>0x30</size>
         <input_file_ref idref="fl-2"/>
      </object_component>
      <object_component id="oc-17a">
         <name>.text:I2C_DATA_PRINT_R</name>
         <load_address>0x4c18</load_address>
         <run_address>0x4c18</run_address>
         <size>0x30</size>
         <input_file_ref idref="fl-2"/>
      </object_component>
      <object_component id="oc-cc">
         <name>.text:ADCIntStatus</name>
         <load_address>0x4c48</load_address>
         <run_address>0x4c48</run_address>
         <size>0x2e</size>
         <input_file_ref idref="fl-2"/>
      </object_component>
      <object_component id="oc-563">
         <name>.text:uDMAChannelAssign</name>
         <load_address>0x4c78</load_address>
         <run_address>0x4c78</run_address>
         <size>0x2c</size>
         <input_file_ref idref="fl-147"/>
      </object_component>
      <object_component id="oc-35e">
         <name>.text:GPIODirModeSet</name>
         <load_address>0x4ca4</load_address>
         <run_address>0x4ca4</run_address>
         <size>0x2a</size>
         <input_file_ref idref="fl-13e"/>
      </object_component>
      <object_component id="oc-10f">
         <name>.text:BLUELED_Blink</name>
         <load_address>0x4cd0</load_address>
         <run_address>0x4cd0</run_address>
         <size>0x28</size>
         <input_file_ref idref="fl-2"/>
      </object_component>
      <object_component id="oc-3f4">
         <name>.text:Peak_Detect</name>
         <load_address>0x4cf8</load_address>
         <run_address>0x4cf8</run_address>
         <size>0x28</size>
         <input_file_ref idref="fl-2"/>
      </object_component>
      <object_component id="oc-f9">
         <name>.text:REDLED_Blink</name>
         <load_address>0x4d20</load_address>
         <run_address>0x4d20</run_address>
         <size>0x28</size>
         <input_file_ref idref="fl-2"/>
      </object_component>
      <object_component id="oc-3c">
         <name>.text:IntDefaultHandler</name>
         <load_address>0x4d48</load_address>
         <run_address>0x4d48</run_address>
         <size>0x27</size>
         <input_file_ref idref="fl-3"/>
      </object_component>
      <object_component id="oc-307">
         <name>.text:FlashProtectSave</name>
         <load_address>0x4d70</load_address>
         <run_address>0x4d70</run_address>
         <size>0x24</size>
         <input_file_ref idref="fl-13d"/>
      </object_component>
      <object_component id="oc-3d6">
         <name>.text:LED_Buffer_Clear</name>
         <load_address>0x4d94</load_address>
         <run_address>0x4d94</run_address>
         <size>0x24</size>
         <input_file_ref idref="fl-2"/>
      </object_component>
      <object_component id="oc-575">
         <name>.text:uDMAChannelControlSet</name>
         <load_address>0x4db8</load_address>
         <run_address>0x4db8</run_address>
         <size>0x24</size>
         <input_file_ref idref="fl-147"/>
      </object_component>
      <object_component id="oc-36">
         <name>.text:FaultISR</name>
         <load_address>0x4ddc</load_address>
         <run_address>0x4ddc</run_address>
         <size>0x20</size>
         <input_file_ref idref="fl-3"/>
      </object_component>
      <object_component id="oc-381">
         <name>.text</name>
         <load_address>0x4dfc</load_address>
         <run_address>0x4dfc</run_address>
         <size>0x20</size>
         <input_file_ref idref="fl-138"/>
      </object_component>
      <object_component id="oc-255">
         <name>.text:ADCSequenceDataGet</name>
         <load_address>0x4e1c</load_address>
         <run_address>0x4e1c</run_address>
         <size>0x1e</size>
         <input_file_ref idref="fl-2"/>
      </object_component>
      <object_component id="oc-130">
         <name>.text:HV_Switch</name>
         <load_address>0x4e3c</load_address>
         <run_address>0x4e3c</run_address>
         <size>0x1c</size>
         <input_file_ref idref="fl-2"/>
      </object_component>
      <object_component id="oc-6c">
         <name>.text:Test</name>
         <load_address>0x4e58</load_address>
         <run_address>0x4e58</run_address>
         <size>0x1a</size>
         <input_file_ref idref="fl-2"/>
      </object_component>
      <object_component id="oc-c4">
         <name>.text:UARTprintf</name>
         <load_address>0x4e72</load_address>
         <run_address>0x4e72</run_address>
         <size>0x1a</size>
         <input_file_ref idref="fl-4"/>
      </object_component>
      <object_component id="oc-249">
         <name>.text:ADCProcessorTrigger</name>
         <load_address>0x4e8c</load_address>
         <run_address>0x4e8c</run_address>
         <size>0x18</size>
         <input_file_ref idref="fl-2"/>
      </object_component>
      <object_component id="oc-3a0">
         <name>.text:GPIOPinTypeGPIOOutput</name>
         <load_address>0x4ea4</load_address>
         <run_address>0x4ea4</run_address>
         <size>0x18</size>
         <input_file_ref idref="fl-13e"/>
      </object_component>
      <object_component id="oc-b2">
         <name>.text</name>
         <load_address>0x4ebc</load_address>
         <run_address>0x4ebc</run_address>
         <size>0x18</size>
         <input_file_ref idref="fl-13a"/>
      </object_component>
      <object_component id="oc-581">
         <name>.text:uDMAChannelDisable</name>
         <load_address>0x4ed4</load_address>
         <run_address>0x4ed4</run_address>
         <size>0x18</size>
         <input_file_ref idref="fl-147"/>
      </object_component>
      <object_component id="oc-20b">
         <name>.text:uDMAChannelEnable</name>
         <load_address>0x4eec</load_address>
         <run_address>0x4eec</run_address>
         <size>0x18</size>
         <input_file_ref idref="fl-147"/>
      </object_component>
      <object_component id="oc-1ff">
         <name>.text:uDMAChannelIsEnabled</name>
         <load_address>0x4f04</load_address>
         <run_address>0x4f04</run_address>
         <size>0x18</size>
         <input_file_ref idref="fl-147"/>
      </object_component>
      <object_component id="oc-58b">
         <name>.text:TimerControlEvent</name>
         <load_address>0x4f1c</load_address>
         <run_address>0x4f1c</run_address>
         <size>0x16</size>
         <input_file_ref idref="fl-145"/>
      </object_component>
      <object_component id="oc-142">
         <name>.text:TimerDisable</name>
         <load_address>0x4f34</load_address>
         <run_address>0x4f34</run_address>
         <size>0x14</size>
         <input_file_ref idref="fl-145"/>
      </object_component>
      <object_component id="oc-334">
         <name>.text</name>
         <load_address>0x4f48</load_address>
         <run_address>0x4f48</run_address>
         <size>0x14</size>
         <input_file_ref idref="fl-139"/>
      </object_component>
      <object_component id="oc-22b">
         <name>.text:GPIOPinTypeADC</name>
         <load_address>0x4f5c</load_address>
         <run_address>0x4f5c</run_address>
         <size>0x12</size>
         <input_file_ref idref="fl-13e"/>
      </object_component>
      <object_component id="oc-4e1">
         <name>.text:GPIOPinTypeGPIOInput</name>
         <load_address>0x4f6e</load_address>
         <run_address>0x4f6e</run_address>
         <size>0x12</size>
         <input_file_ref idref="fl-13e"/>
      </object_component>
      <object_component id="oc-514">
         <name>.text:GPIOPinTypeI2C</name>
         <load_address>0x4f80</load_address>
         <run_address>0x4f80</run_address>
         <size>0x12</size>
         <input_file_ref idref="fl-13e"/>
      </object_component>
      <object_component id="oc-50e">
         <name>.text:GPIOPinTypeI2CSCL</name>
         <load_address>0x4f92</load_address>
         <run_address>0x4f92</run_address>
         <size>0x12</size>
         <input_file_ref idref="fl-13e"/>
      </object_component>
      <object_component id="oc-3ac">
         <name>.text:GPIOPinTypeSSI</name>
         <load_address>0x4fa4</load_address>
         <run_address>0x4fa4</run_address>
         <size>0x12</size>
         <input_file_ref idref="fl-13e"/>
      </object_component>
      <object_component id="oc-591">
         <name>.text:GPIOPinTypeTimer</name>
         <load_address>0x4fb6</load_address>
         <run_address>0x4fb6</run_address>
         <size>0x12</size>
         <input_file_ref idref="fl-13e"/>
      </object_component>
      <object_component id="oc-4f4">
         <name>.text:GPIOPinTypeUART</name>
         <load_address>0x4fc8</load_address>
         <run_address>0x4fc8</run_address>
         <size>0x12</size>
         <input_file_ref idref="fl-13e"/>
      </object_component>
      <object_component id="oc-53c">
         <name>.text:TimerLoadSet</name>
         <load_address>0x4fda</load_address>
         <run_address>0x4fda</run_address>
         <size>0x12</size>
         <input_file_ref idref="fl-145"/>
      </object_component>
      <object_component id="oc-526">
         <name>.text:I2CSlaveEnable</name>
         <load_address>0x4fec</load_address>
         <run_address>0x4fec</run_address>
         <size>0x10</size>
         <input_file_ref idref="fl-13f"/>
      </object_component>
      <object_component id="oc-520">
         <name>.text:IntMasterEnable</name>
         <load_address>0x4ffc</load_address>
         <run_address>0x4ffc</run_address>
         <size>0x10</size>
         <input_file_ref idref="fl-140"/>
      </object_component>
      <object_component id="oc-2b6">
         <name>.text:Reset</name>
         <load_address>0x500c</load_address>
         <run_address>0x500c</run_address>
         <size>0x10</size>
         <input_file_ref idref="fl-2"/>
      </object_component>
      <object_component id="oc-454">
         <name>.text:SysTickPeriodSet</name>
         <load_address>0x501c</load_address>
         <run_address>0x501c</run_address>
         <size>0x10</size>
         <input_file_ref idref="fl-144"/>
      </object_component>
      <object_component id="oc-557">
         <name>.text:uDMAEnable</name>
         <load_address>0x502c</load_address>
         <run_address>0x502c</run_address>
         <size>0x10</size>
         <input_file_ref idref="fl-147"/>
      </object_component>
      <object_component id="oc-23d">
         <name>.text:ADCHardwareOversampleConfigure</name>
         <load_address>0x503c</load_address>
         <run_address>0x503c</run_address>
         <size>0xe</size>
         <input_file_ref idref="fl-2"/>
      </object_component>
      <object_component id="oc-243">
         <name>.text:ADCSequenceEnable</name>
         <load_address>0x504a</load_address>
         <run_address>0x504a</run_address>
         <size>0xe</size>
         <input_file_ref idref="fl-2"/>
      </object_component>
      <object_component id="oc-4c6">
         <name>.text:GPIOIntDisable</name>
         <load_address>0x5058</load_address>
         <run_address>0x5058</run_address>
         <size>0xe</size>
         <input_file_ref idref="fl-13e"/>
      </object_component>
      <object_component id="oc-52c">
         <name>.text:I2CSlaveInit</name>
         <load_address>0x5066</load_address>
         <run_address>0x5066</run_address>
         <size>0xe</size>
         <input_file_ref idref="fl-13f"/>
      </object_component>
      <object_component id="oc-542">
         <name>.text:TimerEnable</name>
         <load_address>0x5074</load_address>
         <run_address>0x5074</run_address>
         <size>0xe</size>
         <input_file_ref idref="fl-145"/>
      </object_component>
      <object_component id="oc-12">
         <name>.text:decompress:none</name>
         <load_address>0x5082</load_address>
         <run_address>0x5082</run_address>
         <size>0xe</size>
         <input_file_ref idref="fl-12d"/>
      </object_component>
      <object_component id="oc-5ae">
         <name>.text:CPUcpsie</name>
         <load_address>0x5090</load_address>
         <run_address>0x5090</run_address>
         <size>0xc</size>
         <input_file_ref idref="fl-149"/>
      </object_component>
      <object_component id="oc-4ed">
         <name>.text:GPIOIntEnable</name>
         <load_address>0x509c</load_address>
         <run_address>0x509c</run_address>
         <size>0xc</size>
         <input_file_ref idref="fl-13e"/>
      </object_component>
      <object_component id="oc-51a">
         <name>.text:I2CSlaveIntEnableEx</name>
         <load_address>0x50a8</load_address>
         <run_address>0x50a8</run_address>
         <size>0xc</size>
         <input_file_ref idref="fl-13f"/>
      </object_component>
      <object_component id="oc-415">
         <name>.text:WatchdogUnlock</name>
         <load_address>0x50b4</load_address>
         <run_address>0x50b4</run_address>
         <size>0xc</size>
         <input_file_ref idref="fl-148"/>
      </object_component>
      <object_component id="oc-1e">
         <name>.text:decompress:ZI</name>
         <load_address>0x50c0</load_address>
         <run_address>0x50c0</run_address>
         <size>0xc</size>
         <input_file_ref idref="fl-12f"/>
      </object_component>
      <object_component id="oc-55d">
         <name>.text:uDMAControlBaseSet</name>
         <load_address>0x50cc</load_address>
         <run_address>0x50cc</run_address>
         <size>0xc</size>
         <input_file_ref idref="fl-147"/>
      </object_component>
      <object_component id="oc-24f">
         <name>.text:ADCIntClear</name>
         <load_address>0x50d8</load_address>
         <run_address>0x50d8</run_address>
         <size>0xa</size>
         <input_file_ref idref="fl-2"/>
      </object_component>
      <object_component id="oc-115">
         <name>.text:SSIDataPut</name>
         <load_address>0x50e2</load_address>
         <run_address>0x50e2</run_address>
         <size>0xa</size>
         <input_file_ref idref="fl-142"/>
      </object_component>
      <object_component id="oc-3b8">
         <name>.text:SSIEnable</name>
         <load_address>0x50ec</load_address>
         <run_address>0x50ec</run_address>
         <size>0xa</size>
         <input_file_ref idref="fl-142"/>
      </object_component>
      <object_component id="oc-e2">
         <name>.text:SSIIntStatus</name>
         <load_address>0x50f6</load_address>
         <run_address>0x50f6</run_address>
         <size>0xa</size>
         <input_file_ref idref="fl-142"/>
      </object_component>
      <object_component id="oc-148">
         <name>.text:TimerIntDisable</name>
         <load_address>0x5100</load_address>
         <run_address>0x5100</run_address>
         <size>0xa</size>
         <input_file_ref idref="fl-145"/>
      </object_component>
      <object_component id="oc-427">
         <name>.text:WatchdogEnable</name>
         <load_address>0x510a</load_address>
         <run_address>0x510a</run_address>
         <size>0xa</size>
         <input_file_ref idref="fl-148"/>
      </object_component>
      <object_component id="oc-421">
         <name>.text:WatchdogResetEnable</name>
         <load_address>0x5114</load_address>
         <run_address>0x5114</run_address>
         <size>0xa</size>
         <input_file_ref idref="fl-148"/>
      </object_component>
      <object_component id="oc-150">
         <name>.text:I2CSlaveIntClear</name>
         <load_address>0x511e</load_address>
         <run_address>0x511e</run_address>
         <size>0x8</size>
         <input_file_ref idref="fl-13f"/>
      </object_component>
      <object_component id="oc-11b">
         <name>.text:SSIBusy</name>
         <load_address>0x5126</load_address>
         <run_address>0x5126</run_address>
         <size>0x8</size>
         <input_file_ref idref="fl-142"/>
      </object_component>
      <object_component id="oc-57b">
         <name>.text:SSIDMAEnable</name>
         <load_address>0x512e</load_address>
         <run_address>0x512e</run_address>
         <size>0x8</size>
         <input_file_ref idref="fl-142"/>
      </object_component>
      <object_component id="oc-548">
         <name>.text:TimerIntEnable</name>
         <load_address>0x5136</load_address>
         <run_address>0x5136</run_address>
         <size>0x8</size>
         <input_file_ref idref="fl-145"/>
      </object_component>
      <object_component id="oc-42d">
         <name>.text:WatchdogLock</name>
         <load_address>0x513e</load_address>
         <run_address>0x513e</run_address>
         <size>0x8</size>
         <input_file_ref idref="fl-148"/>
      </object_component>
      <object_component id="oc-194">
         <name>.text:GPIOIntClear</name>
         <load_address>0x5146</load_address>
         <run_address>0x5146</run_address>
         <size>0x6</size>
         <input_file_ref idref="fl-13e"/>
      </object_component>
      <object_component id="oc-3e2">
         <name>.text:GPIOPinRead</name>
         <load_address>0x514c</load_address>
         <run_address>0x514c</run_address>
         <size>0x6</size>
         <input_file_ref idref="fl-13e"/>
      </object_component>
      <object_component id="oc-213">
         <name>.text:GPIOPinWrite</name>
         <load_address>0x5152</load_address>
         <run_address>0x5152</run_address>
         <size>0x6</size>
         <input_file_ref idref="fl-13e"/>
      </object_component>
      <object_component id="oc-19a">
         <name>.text:HV_Shutdown</name>
         <load_address>0x5158</load_address>
         <run_address>0x5158</run_address>
         <size>0x6</size>
         <input_file_ref idref="fl-2"/>
      </object_component>
      <object_component id="oc-15c">
         <name>.text:I2CSlaveDataGet</name>
         <load_address>0x515e</load_address>
         <run_address>0x515e</run_address>
         <size>0x6</size>
         <input_file_ref idref="fl-13f"/>
      </object_component>
      <object_component id="oc-403">
         <name>.text:I2CSlaveDataPut</name>
         <load_address>0x5164</load_address>
         <run_address>0x5164</run_address>
         <size>0x6</size>
         <input_file_ref idref="fl-13f"/>
      </object_component>
      <object_component id="oc-180">
         <name>.text:I2CSlaveIntClearEx</name>
         <load_address>0x516a</load_address>
         <run_address>0x516a</run_address>
         <size>0x6</size>
         <input_file_ref idref="fl-13f"/>
      </object_component>
      <object_component id="oc-156">
         <name>.text:I2CSlaveStatus</name>
         <load_address>0x5170</load_address>
         <run_address>0x5170</run_address>
         <size>0x6</size>
         <input_file_ref idref="fl-13f"/>
      </object_component>
      <object_component id="oc-2a">
         <name>.text:ResetISR</name>
         <load_address>0x5176</load_address>
         <run_address>0x5176</run_address>
         <size>0x6</size>
         <input_file_ref idref="fl-3"/>
      </object_component>
      <object_component id="oc-ee">
         <name>.text:SysCtlDelay</name>
         <load_address>0x517c</load_address>
         <run_address>0x517c</run_address>
         <size>0x6</size>
         <input_file_ref idref="fl-143"/>
      </object_component>
      <object_component id="oc-4fa">
         <name>.text:UARTClockSourceSet</name>
         <load_address>0x5182</load_address>
         <run_address>0x5182</run_address>
         <size>0x6</size>
         <input_file_ref idref="fl-146"/>
      </object_component>
      <object_component id="oc-129">
         <name>.text:WatchdogIntClear</name>
         <load_address>0x5188</load_address>
         <run_address>0x5188</run_address>
         <size>0x6</size>
         <input_file_ref idref="fl-148"/>
      </object_component>
      <object_component id="oc-18">
         <name>.text:decompress:rle24</name>
         <load_address>0x518e</load_address>
         <run_address>0x518e</run_address>
         <size>0x6</size>
         <input_file_ref idref="fl-12e"/>
      </object_component>
      <object_component id="oc-e8">
         <name>.text:SSIIntClear</name>
         <load_address>0x5194</load_address>
         <run_address>0x5194</run_address>
         <size>0x4</size>
         <input_file_ref idref="fl-142"/>
      </object_component>
      <object_component id="oc-109">
         <name>.text:TimerIntClear</name>
         <load_address>0x5198</load_address>
         <run_address>0x5198</run_address>
         <size>0x4</size>
         <input_file_ref idref="fl-145"/>
      </object_component>
      <object_component id="oc-41b">
         <name>.text:WatchdogReloadSet</name>
         <load_address>0x519c</load_address>
         <run_address>0x519c</run_address>
         <size>0x4</size>
         <input_file_ref idref="fl-148"/>
      </object_component>
      <object_component id="oc-a6">
         <name>.text</name>
         <load_address>0x51a0</load_address>
         <run_address>0x51a0</run_address>
         <size>0x4</size>
         <input_file_ref idref="fl-135"/>
      </object_component>
      <object_component id="oc-4bf">
         <name>.const:g_pui32GPIOBaseAddrs</name>
         <load_address>0x51a4</load_address>
         <run_address>0x51a4</run_address>
         <size>0x90</size>
         <input_file_ref idref="fl-13e"/>
      </object_component>
      <object_component id="oc-285">
         <name>.const</name>
         <load_address>0x5234</load_address>
         <run_address>0x5234</run_address>
         <size>0x70</size>
         <input_file_ref idref="fl-140"/>
      </object_component>
      <object_component id="oc-21a">
         <name>.const:g_pui32Xtals</name>
         <load_address>0x52a4</load_address>
         <run_address>0x52a4</run_address>
         <size>0x6c</size>
         <input_file_ref idref="fl-143"/>
      </object_component>
      <object_component id="oc-437">
         <name>.const:g_pui32FMPPERegs</name>
         <load_address>0x5310</load_address>
         <run_address>0x5310</run_address>
         <size>0x40</size>
         <input_file_ref idref="fl-13d"/>
      </object_component>
      <object_component id="oc-434">
         <name>.const:g_pui32FMPRERegs</name>
         <load_address>0x5350</load_address>
         <run_address>0x5350</run_address>
         <size>0x40</size>
         <input_file_ref idref="fl-13d"/>
      </object_component>
      <object_component id="oc-5a6">
         <name>.const</name>
         <load_address>0x5390</load_address>
         <run_address>0x5390</run_address>
         <size>0x1c</size>
         <input_file_ref idref="fl-4"/>
      </object_component>
      <object_component id="oc-5cb">
         <name>.const:.string</name>
         <load_address>0x53ac</load_address>
         <run_address>0x53ac</run_address>
         <size>0x12</size>
         <input_file_ref idref="fl-4"/>
      </object_component>
      <object_component id="oc-5f2">
         <name>.cinit..data.load</name>
         <load_address>0x53c0</load_address>
         <run_address>0x53c0</run_address>
         <size>0x239d</size>
      </object_component>
      <object_component id="oc-5f0">
         <name>__TI_handler_table</name>
         <load_address>0x7760</load_address>
         <run_address>0x7760</run_address>
         <size>0xc</size>
      </object_component>
      <object_component id="oc-5f3">
         <name>.cinit..bss.load</name>
         <load_address>0x7770</load_address>
         <run_address>0x7770</run_address>
         <size>0x8</size>
      </object_component>
      <object_component id="oc-5f1">
         <name>__TI_cinit_table</name>
         <load_address>0x7778</load_address>
         <run_address>0x7778</run_address>
         <size>0x10</size>
      </object_component>
      <object_component id="oc-29">
         <name>.stack</name>
         <uninitialized>true</uninitialized>
         <run_address>0x200034f8</run_address>
         <size>0x0</size>
         <input_file_ref idref="fl-12c"/>
      </object_component>
      <object_component id="oc-5f4">
         <name>.stack</name>
         <uninitialized>true</uninitialized>
         <run_address>0x200034f8</run_address>
         <size>0x0</size>
      </object_component>
      <object_component id="oc-587">
         <name>.bss:ui8ControlTable</name>
         <uninitialized>true</uninitialized>
         <run_address>0x20005c00</run_address>
         <size>0x400</size>
         <input_file_ref idref="fl-2"/>
      </object_component>
      <object_component id="oc-18c">
         <name>.bss:g_ui32DataRx</name>
         <uninitialized>true</uninitialized>
         <run_address>0x2000608c</run_address>
         <size>0x8c</size>
         <input_file_ref idref="fl-2"/>
      </object_component>
      <object_component id="oc-2ca">
         <name>.bss:g_ui32DataTx</name>
         <uninitialized>true</uninitialized>
         <run_address>0x20006118</run_address>
         <size>0x8c</size>
         <input_file_ref idref="fl-2"/>
      </object_component>
      <object_component id="oc-2cd">
         <name>.bss:FLSH_WR</name>
         <uninitialized>true</uninitialized>
         <run_address>0x20005800</run_address>
         <size>0x400</size>
         <input_file_ref idref="fl-2"/>
      </object_component>
      <object_component id="oc-25d">
         <name>.bss:BF</name>
         <uninitialized>true</uninitialized>
         <run_address>0x200061a4</run_address>
         <size>0x3c</size>
         <input_file_ref idref="fl-2"/>
      </object_component>
      <object_component id="oc-2ac">
         <name>.bss:Data</name>
         <uninitialized>true</uninitialized>
         <run_address>0x20006000</run_address>
         <size>0x8c</size>
         <input_file_ref idref="fl-2"/>
      </object_component>
      <object_component id="oc-3fa">
         <name>.bss:LED_data</name>
         <uninitialized>true</uninitialized>
         <run_address>0x20003800</run_address>
         <size>0x2000</size>
         <input_file_ref idref="fl-2"/>
      </object_component>
      <object_component id="oc-390">
         <name>.common:ADC_VALUE</name>
         <uninitialized>true</uninitialized>
         <run_address>0x200061fc</run_address>
         <size>0x4</size>
      </object_component>
      <object_component id="oc-121">
         <name>.common:packet_sequence_count</name>
         <uninitialized>true</uninitialized>
         <run_address>0x20006234</run_address>
         <size>0x2</size>
      </object_component>
      <object_component id="oc-d9">
         <name>.common:frame</name>
         <uninitialized>true</uninitialized>
         <run_address>0x2000623f</run_address>
         <size>0x1</size>
      </object_component>
      <object_component id="oc-d6">
         <name>.common:anticoincidence</name>
         <uninitialized>true</uninitialized>
         <run_address>0x2000620c</run_address>
         <size>0x4</size>
      </object_component>
      <object_component id="oc-e0">
         <name>.common:coincidence</name>
         <uninitialized>true</uninitialized>
         <run_address>0x20006210</run_address>
         <size>0x4</size>
      </object_component>
      <object_component id="oc-d7">
         <name>.common:ulADC0_Value</name>
         <uninitialized>true</uninitialized>
         <run_address>0x20006236</run_address>
         <size>0x2</size>
      </object_component>
      <object_component id="oc-d8">
         <name>.common:ulADC1_Value</name>
         <uninitialized>true</uninitialized>
         <run_address>0x20006238</run_address>
         <size>0x2</size>
      </object_component>
      <object_component id="oc-dc">
         <name>.common:x</name>
         <uninitialized>true</uninitialized>
         <run_address>0x20006246</run_address>
         <size>0x1</size>
      </object_component>
      <object_component id="oc-dd">
         <name>.common:y</name>
         <uninitialized>true</uninitialized>
         <run_address>0x20006247</run_address>
         <size>0x1</size>
      </object_component>
      <object_component id="oc-de">
         <name>.common:temp</name>
         <uninitialized>true</uninitialized>
         <run_address>0x20006244</run_address>
         <size>0x1</size>
      </object_component>
      <object_component id="oc-df">
         <name>.common:trial2</name>
         <uninitialized>true</uninitialized>
         <run_address>0x20006228</run_address>
         <size>0x4</size>
      </object_component>
      <object_component id="oc-db">
         <name>.common:science_data_mode</name>
         <uninitialized>true</uninitialized>
         <run_address>0x20006243</run_address>
         <size>0x1</size>
      </object_component>
      <object_component id="oc-f6">
         <name>.common:transfer</name>
         <uninitialized>true</uninitialized>
         <run_address>0x20006245</run_address>
         <size>0x1</size>
      </object_component>
      <object_component id="oc-da">
         <name>.common:ptr1</name>
         <uninitialized>true</uninitialized>
         <run_address>0x2000621c</run_address>
         <size>0x4</size>
      </object_component>
      <object_component id="oc-211">
         <name>.common:ptr2</name>
         <uninitialized>true</uninitialized>
         <run_address>0x20006220</run_address>
         <size>0x4</size>
      </object_component>
      <object_component id="oc-272">
         <name>.common:pyld_status</name>
         <uninitialized>true</uninitialized>
         <run_address>0x20006242</run_address>
         <size>0x1</size>
      </object_component>
      <object_component id="oc-f7">
         <name>.common:SPI</name>
         <uninitialized>true</uninitialized>
         <run_address>0x2000623b</run_address>
         <size>0x1</size>
      </object_component>
      <object_component id="oc-32b">
         <name>.common:loop_counter</name>
         <uninitialized>true</uninitialized>
         <run_address>0x20006214</run_address>
         <size>0x4</size>
      </object_component>
      <object_component id="oc-473">
         <name>.common:FL_TEMP1</name>
         <uninitialized>true</uninitialized>
         <run_address>0x200061e0</run_address>
         <size>0x10</size>
      </object_component>
      <object_component id="oc-2c9">
         <name>.common:mode_change</name>
         <uninitialized>true</uninitialized>
         <run_address>0x20006240</run_address>
         <size>0x1</size>
      </object_component>
      <object_component id="oc-14e">
         <name>.common:high_voltage</name>
         <uninitialized>true</uninitialized>
         <run_address>0x20006230</run_address>
         <size>0x2</size>
      </object_component>
      <object_component id="oc-273">
         <name>.common:low_voltage</name>
         <uninitialized>true</uninitialized>
         <run_address>0x20006232</run_address>
         <size>0x2</size>
      </object_component>
      <object_component id="oc-2ab">
         <name>.common:Command</name>
         <uninitialized>true</uninitialized>
         <run_address>0x2000623a</run_address>
         <size>0x1</size>
      </object_component>
      <object_component id="oc-2a9">
         <name>.common:TCPSC</name>
         <uninitialized>true</uninitialized>
         <run_address>0x2000623d</run_address>
         <size>0x1</size>
      </object_component>
      <object_component id="oc-2aa">
         <name>.common:Service</name>
         <uninitialized>true</uninitialized>
         <run_address>0x2000623c</run_address>
         <size>0x1</size>
      </object_component>
      <object_component id="oc-2af">
         <name>.common:FL_TEMP</name>
         <uninitialized>true</uninitialized>
         <run_address>0x200061f0</run_address>
         <size>0xc</size>
      </object_component>
      <object_component id="oc-190">
         <name>.common:pia</name>
         <uninitialized>true</uninitialized>
         <run_address>0x20006218</run_address>
         <size>0x4</size>
      </object_component>
      <object_component id="oc-2c8">
         <name>.common:siv</name>
         <uninitialized>true</uninitialized>
         <run_address>0x20006224</run_address>
         <size>0x4</size>
      </object_component>
      <object_component id="oc-18f">
         <name>.common:I2C_FLAG</name>
         <uninitialized>true</uninitialized>
         <run_address>0x20006200</run_address>
         <size>0x4</size>
      </object_component>
      <object_component id="oc-25b">
         <name>.common:TP</name>
         <uninitialized>true</uninitialized>
         <run_address>0x20006204</run_address>
         <size>0x4</size>
      </object_component>
      <object_component id="oc-25c">
         <name>.common:TP1</name>
         <uninitialized>true</uninitialized>
         <run_address>0x20006208</run_address>
         <size>0x4</size>
      </object_component>
      <object_component id="oc-f5">
         <name>.common:ui32Status</name>
         <uninitialized>true</uninitialized>
         <run_address>0x2000622c</run_address>
         <size>0x4</size>
      </object_component>
      <object_component id="oc-d2">
         <name>.common:prev_coincidence</name>
         <uninitialized>true</uninitialized>
         <run_address>0x20006241</run_address>
         <size>0x1</size>
      </object_component>
      <object_component id="oc-d5">
         <name>.common:flag1</name>
         <uninitialized>true</uninitialized>
         <run_address>0x2000623e</run_address>
         <size>0x1</size>
      </object_component>
      <object_component id="oc-105">
         <name>.data</name>
         <load_address>0x20003480</load_address>
         <run_address>0x20003480</run_address>
         <size>0x5b</size>
         <input_file_ref idref="fl-2"/>
      </object_component>
      <object_component id="oc-46c">
         <name>.data:buffer1</name>
         <load_address>0x20000000</load_address>
         <run_address>0x20000000</run_address>
         <size>0x1a40</size>
         <input_file_ref idref="fl-2"/>
      </object_component>
      <object_component id="oc-46f">
         <name>.data:buffer2</name>
         <load_address>0x20001a40</load_address>
         <run_address>0x20001a40</run_address>
         <size>0x1a40</size>
         <input_file_ref idref="fl-2"/>
      </object_component>
      <object_component id="oc-49f">
         <name>.data</name>
         <load_address>0x200034ec</load_address>
         <run_address>0x200034ec</run_address>
         <size>0x5</size>
         <input_file_ref idref="fl-4"/>
      </object_component>
      <object_component id="oc-1d4">
         <name>.data</name>
         <load_address>0x200034e4</load_address>
         <run_address>0x200034e4</run_address>
         <size>0x8</size>
         <input_file_ref idref="fl-130"/>
      </object_component>
      <object_component id="oc-be">
         <name>.data</name>
         <load_address>0x200034f4</load_address>
         <run_address>0x200034f4</run_address>
         <size>0x4</size>
         <input_file_ref idref="fl-136"/>
      </object_component>
      <object_component id="oc-1d1">
         <name>.data</name>
         <load_address>0x200034dc</load_address>
         <run_address>0x200034dc</run_address>
         <size>0x8</size>
         <input_file_ref idref="fl-139"/>
      </object_component>
      <object_component id="oc-d3">
         <name>.debug_info</name>
         <load_address>0x0</load_address>
         <run_address>0x0</run_address>
         <size>0x185e</size>
         <input_file_ref idref="fl-2"/>
      </object_component>
      <object_component id="oc-106">
         <name>.debug_info</name>
         <load_address>0x185e</load_address>
         <run_address>0x185e</run_address>
         <size>0x62f</size>
         <input_file_ref idref="fl-2"/>
      </object_component>
      <object_component id="oc-588">
         <name>.debug_info</name>
         <load_address>0x1e8d</load_address>
         <run_address>0x1e8d</run_address>
         <size>0xd3</size>
         <input_file_ref idref="fl-2"/>
      </object_component>
      <object_component id="oc-46d">
         <name>.debug_info</name>
         <load_address>0x1f60</load_address>
         <run_address>0x1f60</run_address>
         <size>0xc3</size>
         <input_file_ref idref="fl-2"/>
      </object_component>
      <object_component id="oc-470">
         <name>.debug_info</name>
         <load_address>0x2023</load_address>
         <run_address>0x2023</run_address>
         <size>0xc3</size>
         <input_file_ref idref="fl-2"/>
      </object_component>
      <object_component id="oc-18d">
         <name>.debug_info</name>
         <load_address>0x20e6</load_address>
         <run_address>0x20e6</run_address>
         <size>0xcd</size>
         <input_file_ref idref="fl-2"/>
      </object_component>
      <object_component id="oc-2cb">
         <name>.debug_info</name>
         <load_address>0x21b3</load_address>
         <run_address>0x21b3</run_address>
         <size>0xcd</size>
         <input_file_ref idref="fl-2"/>
      </object_component>
      <object_component id="oc-2ce">
         <name>.debug_info</name>
         <load_address>0x2280</load_address>
         <run_address>0x2280</run_address>
         <size>0xc3</size>
         <input_file_ref idref="fl-2"/>
      </object_component>
      <object_component id="oc-25e">
         <name>.debug_info</name>
         <load_address>0x2343</load_address>
         <run_address>0x2343</run_address>
         <size>0xb9</size>
         <input_file_ref idref="fl-2"/>
      </object_component>
      <object_component id="oc-2ad">
         <name>.debug_info</name>
         <load_address>0x23fc</load_address>
         <run_address>0x23fc</run_address>
         <size>0xbd</size>
         <input_file_ref idref="fl-2"/>
      </object_component>
      <object_component id="oc-3fb">
         <name>.debug_info</name>
         <load_address>0x24b9</load_address>
         <run_address>0x24b9</run_address>
         <size>0xc5</size>
         <input_file_ref idref="fl-2"/>
      </object_component>
      <object_component id="oc-232">
         <name>.debug_info</name>
         <load_address>0x257e</load_address>
         <run_address>0x257e</run_address>
         <size>0x258</size>
         <input_file_ref idref="fl-2"/>
      </object_component>
      <object_component id="oc-238">
         <name>.debug_info</name>
         <load_address>0x27d6</load_address>
         <run_address>0x27d6</run_address>
         <size>0x265</size>
         <input_file_ref idref="fl-2"/>
      </object_component>
      <object_component id="oc-244">
         <name>.debug_info</name>
         <load_address>0x2a3b</load_address>
         <run_address>0x2a3b</run_address>
         <size>0x1d2</size>
         <input_file_ref idref="fl-2"/>
      </object_component>
      <object_component id="oc-250">
         <name>.debug_info</name>
         <load_address>0x2c0d</load_address>
         <run_address>0x2c0d</run_address>
         <size>0x1c6</size>
         <input_file_ref idref="fl-2"/>
      </object_component>
      <object_component id="oc-375">
         <name>.debug_info</name>
         <load_address>0x2dd3</load_address>
         <run_address>0x2dd3</run_address>
         <size>0x19b</size>
         <input_file_ref idref="fl-2"/>
      </object_component>
      <object_component id="oc-24a">
         <name>.debug_info</name>
         <load_address>0x2f6e</load_address>
         <run_address>0x2f6e</run_address>
         <size>0x1d6</size>
         <input_file_ref idref="fl-2"/>
      </object_component>
      <object_component id="oc-cd">
         <name>.debug_info</name>
         <load_address>0x3144</load_address>
         <run_address>0x3144</run_address>
         <size>0x219</size>
         <input_file_ref idref="fl-2"/>
      </object_component>
      <object_component id="oc-256">
         <name>.debug_info</name>
         <load_address>0x335d</load_address>
         <run_address>0x335d</run_address>
         <size>0x231</size>
         <input_file_ref idref="fl-2"/>
      </object_component>
      <object_component id="oc-261">
         <name>.debug_info</name>
         <load_address>0x358e</load_address>
         <run_address>0x358e</run_address>
         <size>0x1cb</size>
         <input_file_ref idref="fl-2"/>
      </object_component>
      <object_component id="oc-3ef">
         <name>.debug_info</name>
         <load_address>0x3759</load_address>
         <run_address>0x3759</run_address>
         <size>0x104</size>
         <input_file_ref idref="fl-2"/>
      </object_component>
      <object_component id="oc-2fc">
         <name>.debug_info</name>
         <load_address>0x385d</load_address>
         <run_address>0x385d</run_address>
         <size>0x1aa</size>
         <input_file_ref idref="fl-2"/>
      </object_component>
      <object_component id="oc-3c3">
         <name>.debug_info</name>
         <load_address>0x3a07</load_address>
         <run_address>0x3a07</run_address>
         <size>0x235</size>
         <input_file_ref idref="fl-2"/>
      </object_component>
      <object_component id="oc-3c9">
         <name>.debug_info</name>
         <load_address>0x3c3c</load_address>
         <run_address>0x3c3c</run_address>
         <size>0x104</size>
         <input_file_ref idref="fl-2"/>
      </object_component>
      <object_component id="oc-3cf">
         <name>.debug_info</name>
         <load_address>0x3d40</load_address>
         <run_address>0x3d40</run_address>
         <size>0x28d</size>
         <input_file_ref idref="fl-2"/>
      </object_component>
      <object_component id="oc-2b1">
         <name>.debug_info</name>
         <load_address>0x3fcd</load_address>
         <run_address>0x3fcd</run_address>
         <size>0x1f2</size>
         <input_file_ref idref="fl-2"/>
      </object_component>
      <object_component id="oc-43d">
         <name>.debug_info</name>
         <load_address>0x41bf</load_address>
         <run_address>0x41bf</run_address>
         <size>0x5ea</size>
         <input_file_ref idref="fl-2"/>
      </object_component>
      <object_component id="oc-443">
         <name>.debug_info</name>
         <load_address>0x47a9</load_address>
         <run_address>0x47a9</run_address>
         <size>0x1b3</size>
         <input_file_ref idref="fl-2"/>
      </object_component>
      <object_component id="oc-449">
         <name>.debug_info</name>
         <load_address>0x495c</load_address>
         <run_address>0x495c</run_address>
         <size>0x1a1</size>
         <input_file_ref idref="fl-2"/>
      </object_component>
      <object_component id="oc-44f">
         <name>.debug_info</name>
         <load_address>0x4afd</load_address>
         <run_address>0x4afd</run_address>
         <size>0x24f</size>
         <input_file_ref idref="fl-2"/>
      </object_component>
      <object_component id="oc-45b">
         <name>.debug_info</name>
         <load_address>0x4d4c</load_address>
         <run_address>0x4d4c</run_address>
         <size>0x2bf</size>
         <input_file_ref idref="fl-2"/>
      </object_component>
      <object_component id="oc-461">
         <name>.debug_info</name>
         <load_address>0x500b</load_address>
         <run_address>0x500b</run_address>
         <size>0x19b</size>
         <input_file_ref idref="fl-2"/>
      </object_component>
      <object_component id="oc-23e">
         <name>.debug_info</name>
         <load_address>0x51a6</load_address>
         <run_address>0x51a6</run_address>
         <size>0x1f3</size>
         <input_file_ref idref="fl-2"/>
      </object_component>
      <object_component id="oc-37c">
         <name>.debug_info</name>
         <load_address>0x5399</load_address>
         <run_address>0x5399</run_address>
         <size>0x1c4</size>
         <input_file_ref idref="fl-2"/>
      </object_component>
      <object_component id="oc-26d">
         <name>.debug_info</name>
         <load_address>0x555d</load_address>
         <run_address>0x555d</run_address>
         <size>0x27e</size>
         <input_file_ref idref="fl-2"/>
      </object_component>
      <object_component id="oc-267">
         <name>.debug_info</name>
         <load_address>0x57db</load_address>
         <run_address>0x57db</run_address>
         <size>0x21c</size>
         <input_file_ref idref="fl-2"/>
      </object_component>
      <object_component id="oc-467">
         <name>.debug_info</name>
         <load_address>0x59f7</load_address>
         <run_address>0x59f7</run_address>
         <size>0x86e</size>
         <input_file_ref idref="fl-2"/>
      </object_component>
      <object_component id="oc-30e">
         <name>.debug_info</name>
         <load_address>0x6265</load_address>
         <run_address>0x6265</run_address>
         <size>0x211</size>
         <input_file_ref idref="fl-2"/>
      </object_component>
      <object_component id="oc-314">
         <name>.debug_info</name>
         <load_address>0x6476</load_address>
         <run_address>0x6476</run_address>
         <size>0x30e</size>
         <input_file_ref idref="fl-2"/>
      </object_component>
      <object_component id="oc-31a">
         <name>.debug_info</name>
         <load_address>0x6784</load_address>
         <run_address>0x6784</run_address>
         <size>0x126</size>
         <input_file_ref idref="fl-2"/>
      </object_component>
      <object_component id="oc-477">
         <name>.debug_info</name>
         <load_address>0x68aa</load_address>
         <run_address>0x68aa</run_address>
         <size>0x259</size>
         <input_file_ref idref="fl-2"/>
      </object_component>
      <object_component id="oc-47d">
         <name>.debug_info</name>
         <load_address>0x6b03</load_address>
         <run_address>0x6b03</run_address>
         <size>0x228</size>
         <input_file_ref idref="fl-2"/>
      </object_component>
      <object_component id="oc-483">
         <name>.debug_info</name>
         <load_address>0x6d2b</load_address>
         <run_address>0x6d2b</run_address>
         <size>0x180</size>
         <input_file_ref idref="fl-2"/>
      </object_component>
      <object_component id="oc-489">
         <name>.debug_info</name>
         <load_address>0x6eab</load_address>
         <run_address>0x6eab</run_address>
[...]
         <object_component_ref idref="oc-105"/>
      </symbol>
      <symbol id="sm-6d0">
         <name>SCI_Timer_INT_Handler</name>
         <value>0x2891</value>
         <object_component_ref idref="oc-54"/>
      </symbol>
      <symbol id="sm-6d1">
         <name>CTime</name>
         <value>0x20003498</value>
         <object_component_ref idref="oc-105"/>
      </symbol>
      <symbol id="sm-6d2">
         <name>WTCT</name>
         <value>0x200034d7</value>
         <object_component_ref idref="oc-105"/>
      </symbol>
      <symbol id="sm-6d3">
         <name>ED_ADDR</name>
         <value>0x200034aa</value>
         <object_component_ref idref="oc-105"/>
      </symbol>
      <symbol id="sm-6d4">
         <name>Current_DAC_Value</name>
         <value>0x2000348e</value>
         <object_component_ref idref="oc-105"/>
      </symbol>
      <symbol id="sm-70e">
         <name>ResetISR</name>
         <value>0x5177</value>
         <object_component_ref idref="oc-2a"/>
      </symbol>
      <symbol id="sm-70f">
         <name>g_pfnVectors</name>
         <value>0x0</value>
         <object_component_ref idref="oc-f"/>
      </symbol>
      <symbol id="sm-77d">
         <name>UARTStdioConfig</name>
         <value>0x4101</value>
         <object_component_ref idref="oc-500"/>
      </symbol>
      <symbol id="sm-77e">
         <name>UARTwrite</name>
         <value>0x46dd</value>
         <object_component_ref idref="oc-342"/>
      </symbol>
      <symbol id="sm-77f">
         <name>UARTprintf</name>
         <value>0x4e73</value>
         <object_component_ref idref="oc-c4"/>
      </symbol>
      <symbol id="sm-780">
         <name>UARTvprintf</name>
         <value>0x1f15</value>
         <object_component_ref idref="oc-1dc"/>
      </symbol>
      <symbol id="sm-792">
         <name>_c_int00</name>
         <value>0x44cd</value>
         <object_component_ref idref="oc-24"/>
      </symbol>
      <symbol id="sm-793">
         <name>__stack</name>
         <value>0x200034f8</value>
         <object_component_ref idref="oc-29"/>
      </symbol>
      <symbol id="sm-7aa">
         <name>__TI_decompress_none</name>
         <value>0x5083</value>
         <object_component_ref idref="oc-12"/>
      </symbol>
      <symbol id="sm-7d2">
         <name>__TI_decompress_rle24</name>
         <value>0x518f</value>
         <object_component_ref idref="oc-18"/>
      </symbol>
      <symbol id="sm-7e4">
         <name>__TI_zero_init</name>
         <value>0x50c1</value>
         <object_component_ref idref="oc-1e"/>
      </symbol>
      <symbol id="sm-803">
         <name>C$$EXIT</name>
         <value>0x4885</value>
         <object_component_ref idref="oc-b8"/>
      </symbol>
      <symbol id="sm-804">
         <name>abort</name>
         <value>0x4889</value>
         <object_component_ref idref="oc-b8"/>
      </symbol>
      <symbol id="sm-805">
         <name>exit</name>
         <value>0x4891</value>
         <object_component_ref idref="oc-b8"/>
      </symbol>
      <symbol id="sm-806">
         <name>__TI_dtors_ptr</name>
         <value>0x200034e8</value>
         <object_component_ref idref="oc-1d4"/>
      </symbol>
      <symbol id="sm-807">
         <name>__TI_cleanup_ptr</name>
         <value>0x200034e4</value>
         <object_component_ref idref="oc-1d4"/>
      </symbol>
      <symbol id="sm-81e">
         <name>__aeabi_dmul</name>
         <value>0x2cc5</value>
         <object_component_ref idref="oc-386"/>
      </symbol>
      <symbol id="sm-82b">
         <name>__aeabi_d2uiz</name>
         <value>0x48c9</value>
         <object_component_ref idref="oc-38b"/>
      </symbol>
      <symbol id="sm-846">
         <name>memcpy</name>
         <value>0x3845</value>
         <object_component_ref idref="oc-81"/>
      </symbol>
      <symbol id="sm-847">
         <name>__aeabi_memcpy</name>
         <value>0x3845</value>
         <object_component_ref idref="oc-81"/>
      </symbol>
      <symbol id="sm-848">
         <name>__aeabi_memcpy8</name>
         <value>0x3845</value>
         <object_component_ref idref="oc-81"/>
      </symbol>
      <symbol id="sm-849">
         <name>__aeabi_memcpy4</name>
         <value>0x3845</value>
         <object_component_ref idref="oc-81"/>
      </symbol>
      <symbol id="sm-858">
         <name>__aeabi_memset</name>
         <value>0x3d35</value>
         <object_component_ref idref="oc-9a"/>
      </symbol>
      <symbol id="sm-859">
         <name>memset</name>
         <value>0x3d3b</value>
         <object_component_ref idref="oc-9a"/>
      </symbol>
      <symbol id="sm-85a">
         <name>__aeabi_memset8</name>
         <value>0x3d35</value>
         <object_component_ref idref="oc-9a"/>
      </symbol>
      <symbol id="sm-85b">
         <name>__aeabi_memset4</name>
         <value>0x3d35</value>
         <object_component_ref idref="oc-9a"/>
      </symbol>
      <symbol id="sm-85c">
         <name>__aeabi_memclr8</name>
         <value>0x3d33</value>
         <object_component_ref idref="oc-9a"/>
      </symbol>
      <symbol id="sm-85d">
         <name>__aeabi_memclr4</name>
         <value>0x3d33</value>
         <object_component_ref idref="oc-9a"/>
      </symbol>
      <symbol id="sm-85e">
         <name>__aeabi_memclr</name>
         <value>0x3d33</value>
         <object_component_ref idref="oc-9a"/>
      </symbol>
      <symbol id="sm-868">
         <name>_system_pre_init</name>
         <value>0x51a1</value>
         <object_component_ref idref="oc-a6"/>
      </symbol>
      <symbol id="sm-870">
         <name>main_func_sp</name>
         <value>0x200034f4</value>
         <object_component_ref idref="oc-be"/>
      </symbol>
      <symbol id="sm-883">
         <name>__aeabi_uidivmod</name>
         <value>0x490d</value>
         <object_component_ref idref="oc-348"/>
      </symbol>
      <symbol id="sm-884">
         <name>__aeabi_uidiv</name>
         <value>0x490d</value>
         <object_component_ref idref="oc-348"/>
      </symbol>
      <symbol id="sm-890">
         <name>__aeabi_ui2d</name>
         <value>0x4dfd</value>
         <object_component_ref idref="oc-381"/>
      </symbol>
      <symbol id="sm-8a9">
         <name>_nop</name>
         <value>0x4f57</value>
         <object_component_ref idref="oc-334"/>
      </symbol>
      <symbol id="sm-8aa">
         <name>_lock</name>
         <value>0x200034dc</value>
         <object_component_ref idref="oc-1d1"/>
      </symbol>
      <symbol id="sm-8ab">
         <name>_unlock</name>
         <value>0x200034e0</value>
         <object_component_ref idref="oc-1d1"/>
      </symbol>
      <symbol id="sm-8ac">
         <name>_register_lock</name>
         <value>0x4f4f</value>
         <object_component_ref idref="oc-334"/>
      </symbol>
      <symbol id="sm-8ad">
         <name>_register_unlock</name>
         <value>0x4f49</value>
         <object_component_ref idref="oc-334"/>
      </symbol>
      <symbol id="sm-8c2">
         <name>_args_main</name>
         <value>0x4ebd</value>
         <object_component_ref idref="oc-b2"/>
      </symbol>
      <symbol id="sm-8e8">
         <name>__TI_auto_init</name>
         <value>0x3e95</value>
         <object_component_ref idref="oc-ac"/>
      </symbol>
      <symbol id="sm-902">
         <name>copy_in</name>
         <value>0x4601</value>
         <object_component_ref idref="oc-1c1"/>
      </symbol>
      <symbol id="sm-951">
         <name>FlashErase</name>
         <value>0x4bb9</value>
         <object_component_ref idref="oc-291"/>
      </symbol>
      <symbol id="sm-952">
         <name>FlashProtectSave</name>
         <value>0x4d71</value>
         <object_component_ref idref="oc-307"/>
      </symbol>
      <symbol id="sm-953">
         <name>FlashProgram</name>
         <value>0x403d</value>
         <object_component_ref idref="oc-297"/>
      </symbol>
      <symbol id="sm-954">
         <name>FlashProtectSet</name>
         <value>0x4161</value>
         <object_component_ref idref="oc-301"/>
      </symbol>
      <symbol id="sm-9ee">
         <name>GPIOPinConfigure</name>
         <value>0x464d</value>
         <object_component_ref idref="oc-3a6"/>
      </symbol>
      <symbol id="sm-9ef">
         <name>GPIOPinTypeI2CSCL</name>
         <value>0x4f93</value>
         <object_component_ref idref="oc-50e"/>
      </symbol>
      <symbol id="sm-9f0">
         <name>GPIOIntDisable</name>
         <value>0x5059</value>
         <object_component_ref idref="oc-4c6"/>
      </symbol>
      <symbol id="sm-9f1">
         <name>GPIOIntEnable</name>
         <value>0x509d</value>
         <object_component_ref idref="oc-4ed"/>
      </symbol>
      <symbol id="sm-9f2">
         <name>GPIOPinTypeI2C</name>
         <value>0x4f81</value>
         <object_component_ref idref="oc-514"/>
      </symbol>
      <symbol id="sm-9f3">
         <name>GPIOIntTypeSet</name>
         <value>0x43d5</value>
         <object_component_ref idref="oc-4e7"/>
      </symbol>
      <symbol id="sm-9f4">
         <name>GPIOPinTypeADC</name>
         <value>0x4f5d</value>
         <object_component_ref idref="oc-22b"/>
      </symbol>
      <symbol id="sm-9f5">
         <name>GPIOPinTypeGPIOInput</name>
         <value>0x4f6f</value>
         <object_component_ref idref="oc-4e1"/>
      </symbol>
      <symbol id="sm-9f6">
         <name>GPIOIntClear</name>
         <value>0x5147</value>
         <object_component_ref idref="oc-194"/>
      </symbol>
      <symbol id="sm-9f7">
         <name>GPIOPinTypeUART</name>
         <value>0x4fc9</value>
         <object_component_ref idref="oc-4f4"/>
      </symbol>
      <symbol id="sm-9f8">
         <name>GPIOPinTypeGPIOOutput</name>
         <value>0x4ea5</value>
         <object_component_ref idref="oc-3a0"/>
      </symbol>
      <symbol id="sm-9f9">
         <name>GPIOPinRead</name>
         <value>0x514d</value>
         <object_component_ref idref="oc-3e2"/>
      </symbol>
      <symbol id="sm-9fa">
         <name>GPIODirModeSet</name>
         <value>0x4ca5</value>
         <object_component_ref idref="oc-35e"/>
      </symbol>
      <symbol id="sm-9fb">
         <name>GPIOPinWrite</name>
         <value>0x5153</value>
         <object_component_ref idref="oc-213"/>
      </symbol>
      <symbol id="sm-9fc">
         <name>GPIOPadConfigSet</name>
         <value>0x2761</value>
         <object_component_ref idref="oc-364"/>
      </symbol>
      <symbol id="sm-9fd">
         <name>GPIOPinTypeSSI</name>
         <value>0x4fa5</value>
         <object_component_ref idref="oc-3ac"/>
      </symbol>
      <symbol id="sm-9fe">
         <name>GPIOPinTypeTimer</name>
         <value>0x4fb7</value>
         <object_component_ref idref="oc-591"/>
      </symbol>
      <symbol id="sm-a43">
         <name>I2CSlaveIntClear</name>
         <value>0x511f</value>
         <object_component_ref idref="oc-150"/>
      </symbol>
      <symbol id="sm-a44">
         <name>I2CSlaveIntEnableEx</name>
         <value>0x50a9</value>
         <object_component_ref idref="oc-51a"/>
      </symbol>
      <symbol id="sm-a45">
         <name>I2CSlaveIntClearEx</name>
         <value>0x516b</value>
         <object_component_ref idref="oc-180"/>
      </symbol>
      <symbol id="sm-a46">
         <name>I2CSlaveDataGet</name>
         <value>0x515f</value>
         <object_component_ref idref="oc-15c"/>
      </symbol>
      <symbol id="sm-a47">
         <name>I2CSlaveEnable</name>
         <value>0x4fed</value>
         <object_component_ref idref="oc-526"/>
      </symbol>
      <symbol id="sm-a48">
         <name>I2CSlaveDataPut</name>
         <value>0x5165</value>
         <object_component_ref idref="oc-403"/>
      </symbol>
      <symbol id="sm-a49">
         <name>I2CSlaveStatus</name>
         <value>0x5171</value>
         <object_component_ref idref="oc-156"/>
      </symbol>
      <symbol id="sm-a4a">
         <name>I2CSlaveInit</name>
         <value>0x5067</value>
         <object_component_ref idref="oc-52c"/>
      </symbol>
      <symbol id="sm-a9d">
         <name>IntPendClear</name>
         <value>0x4695</value>
         <object_component_ref idref="oc-186"/>
      </symbol>
      <symbol id="sm-a9e">
         <name>IntEnable</name>
         <value>0x3fd5</value>
         <object_component_ref idref="oc-1f9"/>
      </symbol>
      <symbol id="sm-a9f">
         <name>IntDisable</name>
         <value>0x3f6d</value>
         <object_component_ref idref="oc-13c"/>
      </symbol>
      <symbol id="sm-aa0">
         <name>IntMasterEnable</name>
         <value>0x4ffd</value>
         <object_component_ref idref="oc-520"/>
      </symbol>
      <symbol id="sm-ae0">
         <name>SSIDataPut</name>
         <value>0x50e3</value>
         <object_component_ref idref="oc-115"/>
      </symbol>
      <symbol id="sm-ae1">
         <name>SSIDMAEnable</name>
         <value>0x512f</value>
         <object_component_ref idref="oc-57b"/>
      </symbol>
      <symbol id="sm-ae2">
         <name>SSIIntClear</name>
         <value>0x5195</value>
         <object_component_ref idref="oc-e8"/>
      </symbol>
      <symbol id="sm-ae3">
         <name>SSIIntStatus</name>
         <value>0x50f7</value>
         <object_component_ref idref="oc-e2"/>
      </symbol>
      <symbol id="sm-ae4">
         <name>SSIConfigSetExpClk</name>
         <value>0x4a0f</value>
         <object_component_ref idref="oc-3b2"/>
      </symbol>
      <symbol id="sm-ae5">
         <name>SSIEnable</name>
         <value>0x50ed</value>
         <object_component_ref idref="oc-3b8"/>
      </symbol>
      <symbol id="sm-ae6">
         <name>SSIBusy</name>
         <value>0x5127</value>
         <object_component_ref idref="oc-11b"/>
      </symbol>
      <symbol id="sm-b43">
         <name>SysCtlClockSet</name>
         <value>0x2dc1</value>
         <object_component_ref idref="oc-2f5"/>
      </symbol>
      <symbol id="sm-b44">
         <name>SysCtlDelay</name>
         <value>0x517d</value>
         <object_component_ref idref="oc-ee"/>
      </symbol>
      <symbol id="sm-b45">
         <name>SysCtlPeripheralEnable</name>
         <value>0x4b21</value>
         <object_component_ref idref="oc-225"/>
      </symbol>
      <symbol id="sm-b46">
         <name>SysCtlClockGet</name>
         <value>0x29ad</value>
         <object_component_ref idref="oc-ff"/>
      </symbol>
      <symbol id="sm-b47">
         <name>SysCtlPeripheralReset</name>
         <value>0x447d</value>
         <object_component_ref idref="oc-508"/>
      </symbol>
      <symbol id="sm-b56">
         <name>SysTickPeriodSet</name>
         <value>0x501d</value>
         <object_component_ref idref="oc-454"/>
      </symbol>
      <symbol id="sm-ba4">
         <name>TimerLoadSet</name>
         <value>0x4fdb</value>
         <object_component_ref idref="oc-53c"/>
      </symbol>
      <symbol id="sm-ba5">
         <name>TimerDisable</name>
         <value>0x4f35</value>
         <object_component_ref idref="oc-142"/>
      </symbol>
      <symbol id="sm-ba6">
         <name>TimerEnable</name>
         <value>0x5075</value>
         <object_component_ref idref="oc-542"/>
      </symbol>
      <symbol id="sm-ba7">
         <name>TimerIntDisable</name>
         <value>0x5101</value>
         <object_component_ref idref="oc-148"/>
      </symbol>
      <symbol id="sm-ba8">
         <name>TimerIntEnable</name>
         <value>0x5137</value>
         <object_component_ref idref="oc-548"/>
      </symbol>
      <symbol id="sm-ba9">
         <name>TimerConfigure</name>
         <value>0x40a1</value>
         <object_component_ref idref="oc-536"/>
      </symbol>
      <symbol id="sm-baa">
         <name>TimerControlEvent</name>
         <value>0x4f1d</value>
         <object_component_ref idref="oc-58b"/>
      </symbol>
      <symbol id="sm-bab">
         <name>TimerIntClear</name>
         <value>0x5199</value>
         <object_component_ref idref="oc-109"/>
      </symbol>
      <symbol id="sm-bb8">
         <name>UARTClockSourceSet</name>
         <value>0x5183</value>
         <object_component_ref idref="oc-4fa"/>
      </symbol>
      <symbol id="sm-c2f">
         <name>uDMAChannelControlSet</name>
         <value>0x4db9</value>
         <object_component_ref idref="oc-575"/>
      </symbol>
      <symbol id="sm-c30">
         <name>uDMAChannelIsEnabled</name>
         <value>0x4f05</value>
         <object_component_ref idref="oc-1ff"/>
      </symbol>
      <symbol id="sm-c31">
         <name>uDMAChannelDisable</name>
         <value>0x4ed5</value>
         <object_component_ref idref="oc-581"/>
      </symbol>
      <symbol id="sm-c32">
         <name>uDMAChannelAttributeEnable</name>
         <value>0x47b5</value>
         <object_component_ref idref="oc-56f"/>
      </symbol>
      <symbol id="sm-c33">
         <name>uDMAChannelTransferSet</name>
         <value>0x3bb9</value>
         <object_component_ref idref="oc-205"/>
      </symbol>
      <symbol id="sm-c34">
         <name>uDMAChannelAssign</name>
         <value>0x4c79</value>
         <object_component_ref idref="oc-563"/>
      </symbol>
      <symbol id="sm-c35">
         <name>uDMAEnable</name>
         <value>0x502d</value>
         <object_component_ref idref="oc-557"/>
      </symbol>
      <symbol id="sm-c36">
         <name>uDMAControlBaseSet</name>
         <value>0x50cd</value>
         <object_component_ref idref="oc-55d"/>
      </symbol>
      <symbol id="sm-c37">
         <name>uDMAChannelAttributeDisable</name>
         <value>0x476d</value>
         <object_component_ref idref="oc-569"/>
      </symbol>
      <symbol id="sm-c38">
         <name>uDMAChannelEnable</name>
         <value>0x4eed</value>
         <object_component_ref idref="oc-20b"/>
      </symbol>
      <symbol id="sm-c6f">
         <name>WatchdogIntClear</name>
         <value>0x5189</value>
         <object_component_ref idref="oc-129"/>
      </symbol>
      <symbol id="sm-c70">
         <name>WatchdogUnlock</name>
         <value>0x50b5</value>
         <object_component_ref idref="oc-415"/>
      </symbol>
      <symbol id="sm-c71">
         <name>WatchdogReloadSet</name>
         <value>0x519d</value>
         <object_component_ref idref="oc-41b"/>
      </symbol>
      <symbol id="sm-c72">
         <name>WatchdogResetEnable</name>
         <value>0x5115</value>
         <object_component_ref idref="oc-421"/>
      </symbol>
      <symbol id="sm-c73">
         <name>WatchdogEnable</name>
         <value>0x510b</value>
         <object_component_ref idref="oc-427"/>
      </symbol>
      <symbol id="sm-c74">
         <name>WatchdogLock</name>
         <value>0x513f</value>
         <object_component_ref idref="oc-42d"/>
      </symbol>
      <symbol id="sm-c7e">
         <name>CPUcpsie</name>
         <value>0x5091</value>
         <object_component_ref idref="oc-5ae"/>
      </symbol>
      <symbol id="sm-c7f">
         <name>__TI_static_base__</name>
         <value>0x0</value>
      </symbol>
      <symbol id="sm-c82">
         <name>SHT$$INIT_ARRAY$$Limit</name>
         <value>0x0</value>
      </symbol>
      <symbol id="sm-c83">
         <name>SHT$$INIT_ARRAY$$Base</name>
         <value>0x0</value>
      </symbol>
   </symbol_table>
   <title>Link successful</title>
</link_info>
